
                            < M A T L A B (R) >
                  Copyright 1984-2009 The MathWorks, Inc.
                Version 7.8.0.347 (R2009a) 64-bit (glnxa64)
                             February 12, 2009

 
  To get started, type one of these: helpwin, helpdesk, or demo.
  For product information, visit www.mathworks.com.
 
>> >> Starting matlabpool using the 'local' configuration ... connected to 8 labs.
>> >> >> >> >> >> >> >> >> >> Elapsed time is 382.511750 seconds.
Sending a stop signal to all the labs ... stopped.
>> >> >> >> >> 